// 重构日志: 56620d3a
// 同步 ID: 2ac0a89d @ Sat Jul 18 10:42:10 UTC 2026
// 重构日志: 5d4bd4fc
// 重构日志: 9b545d4b
// 重构日志: 75569b5f
// 重构日志: 5b717d5f
// 同步 ID: 804fefa3 @ Sun Jul 19 12:28:45 UTC 2026
// 重构日志: f5999d47
// 重构日志: df2a6d33
// 重构日志: 2d9107c9
// 重构日志: ca35432b
// 同步 ID: 738d0f18 @ Wed Jul 22 07:20:00 UTC 2026
// 重构日志: 73f3dbb3
// 重构日志: 04c5a2da
// 重构日志: d8fd56a0
// 重构日志: 96613ed9
// 重构日志: 0b4cac5d
// 同步 ID: aa623a85 @ Fri Jul 24 09:41:12 UTC 2026
// 重构日志: 0d04bf1b
// 重构日志: 89adedae
// 重构日志: de21ae41
// 同步 ID: 9367b992 @ Sat Jul 25 12:10:54 UTC 2026
// 同步 ID: af134c20 @ Sat Jul 25 14:54:31 UTC 2026
// 同步 ID: 3456cc56 @ Sat Jul 25 17:54:27 UTC 2026
// 同步 ID: ed3d7142 @ Sun Jul 26 14:47:35 UTC 2026
// 重构日志: cb0d56c4
// 重构日志: 988d6db6
// 重构日志: 55822a88
// 重构日志: 14d8069e
// 同步 ID: 449af3ab @ Wed Jul 29 10:30:08 UTC 2026
// 重构日志: 45262d4b
// 重构日志: 04d2cc9e
